[     282ms] [WARNING] WebSocket connection to 'ws://localhost:5173/api/ws?token=eyJhbGciOiJIUzI1NiIsInR5cCI6IkpXVCJ9.eyJ1c2VySWQiOjEsInVzZXJuYW1lIjoiYWRtaW4iLCJyb2xlIjoib3duZXIiLCJpc3MiOiJzcGVsYSIsImV4cCI6MTc3MTE1NzU3OSwiaWF0IjoxNzcxMTU2Njc5fQ.rnA2WJnC2PdaqSMcCrtMuIWb7yA2RlVXreqUQEtbRng' failed: WebSocket is closed before the connection is established. @ http://localhost:5173/src/hooks/use-websocket.ts:58
[     284ms] [WARNING] WebSocket connection to 'ws://localhost:5173/api/ws?token=eyJhbGciOiJIUzI1NiIsInR5cCI6IkpXVCJ9.eyJ1c2VySWQiOjEsInVzZXJuYW1lIjoiYWRtaW4iLCJyb2xlIjoib3duZXIiLCJpc3MiOiJzcGVsYSIsImV4cCI6MTc3MTE1NzU3OSwiaWF0IjoxNzcxMTU2Njc5fQ.rnA2WJnC2PdaqSMcCrtMuIWb7yA2RlVXreqUQEtbRng' failed: WebSocket is closed before the connection is established. @ http://localhost:5173/src/hooks/use-websocket.ts:31
[     305ms] [ERROR] Failed to load resource: the server responded with a status of 404 (Not Found) @ http://localhost:5173/api/relays/invitations/count:0
[    1313ms] [ERROR] Failed to load resource: the server responded with a status of 404 (Not Found) @ http://localhost:5173/api/relays/invitations/count:0
[   31327ms] [ERROR] Failed to load resource: the server responded with a status of 404 (Not Found) @ http://localhost:5173/api/relays/invitations/count:0
[   32337ms] [ERROR] Failed to load resource: the server responded with a status of 404 (Not Found) @ http://localhost:5173/api/relays/invitations/count:0
[   33411ms] [WARNING] WebSocket connection to 'ws://localhost:5173/api/ws?token=eyJhbGciOiJIUzI1NiIsInR5cCI6IkpXVCJ9.eyJ1c2VySWQiOjEsInVzZXJuYW1lIjoiYWRtaW4iLCJyb2xlIjoib3duZXIiLCJpc3MiOiJzcGVsYSIsImV4cCI6MTc3MTE1NzU3OSwiaWF0IjoxNzcxMTU2Njc5fQ.rnA2WJnC2PdaqSMcCrtMuIWb7yA2RlVXreqUQEtbRng' failed: WebSocket is closed before the connection is established. @ http://localhost:5173/src/hooks/use-websocket.ts:58
[   33413ms] [WARNING] WebSocket connection to 'ws://localhost:5173/api/ws?token=eyJhbGciOiJIUzI1NiIsInR5cCI6IkpXVCJ9.eyJ1c2VySWQiOjEsInVzZXJuYW1lIjoiYWRtaW4iLCJyb2xlIjoib3duZXIiLCJpc3MiOiJzcGVsYSIsImV4cCI6MTc3MTE1NzU3OSwiaWF0IjoxNzcxMTU2Njc5fQ.rnA2WJnC2PdaqSMcCrtMuIWb7yA2RlVXreqUQEtbRng' failed: WebSocket is closed before the connection is established. @ http://localhost:5173/src/hooks/use-websocket.ts:31
[   33419ms] [ERROR] Failed to load resource: the server responded with a status of 404 (Not Found) @ http://localhost:5173/api/relays/invitations/count:0
[   34429ms] [ERROR] Failed to load resource: the server responded with a status of 404 (Not Found) @ http://localhost:5173/api/relays/invitations/count:0
[   64435ms] [ERROR] Failed to load resource: the server responded with a status of 404 (Not Found) @ http://localhost:5173/api/relays/invitations/count:0
[   65442ms] [ERROR] Failed to load resource: the server responded with a status of 404 (Not Found) @ http://localhost:5173/api/relays/invitations/count:0
[   70478ms] [WARNING] WebSocket connection to 'ws://localhost:5173/api/ws?token=eyJhbGciOiJIUzI1NiIsInR5cCI6IkpXVCJ9.eyJ1c2VySWQiOjEsInVzZXJuYW1lIjoiYWRtaW4iLCJyb2xlIjoib3duZXIiLCJpc3MiOiJzcGVsYSIsImV4cCI6MTc3MTE1NzU3OSwiaWF0IjoxNzcxMTU2Njc5fQ.rnA2WJnC2PdaqSMcCrtMuIWb7yA2RlVXreqUQEtbRng' failed: WebSocket is closed before the connection is established. @ http://localhost:5173/src/hooks/use-websocket.ts:58
[   70479ms] [WARNING] WebSocket connection to 'ws://localhost:5173/api/ws?token=eyJhbGciOiJIUzI1NiIsInR5cCI6IkpXVCJ9.eyJ1c2VySWQiOjEsInVzZXJuYW1lIjoiYWRtaW4iLCJyb2xlIjoib3duZXIiLCJpc3MiOiJzcGVsYSIsImV4cCI6MTc3MTE1NzU3OSwiaWF0IjoxNzcxMTU2Njc5fQ.rnA2WJnC2PdaqSMcCrtMuIWb7yA2RlVXreqUQEtbRng' failed: WebSocket is closed before the connection is established. @ http://localhost:5173/src/hooks/use-websocket.ts:31
[   70486ms] [ERROR] Failed to load resource: the server responded with a status of 404 (Not Found) @ http://localhost:5173/api/relays/invitations/count:0
[   71495ms] [ERROR] Failed to load resource: the server responded with a status of 404 (Not Found) @ http://localhost:5173/api/relays/invitations/count:0
[  101504ms] [ERROR] Failed to load resource: the server responded with a status of 404 (Not Found) @ http://localhost:5173/api/relays/invitations/count:0
[  101968ms] [ERROR] Failed to load resource: the server responded with a status of 404 (Not Found) @ http://localhost:5173/api/games/76/ratings/mine:0
[  101990ms] [ERROR] Query data cannot be undefined. Please make sure to return a value other than undefined from your query function. Affected query key: ["game-achievement-progress","76"] @ http://localhost:5173/node_modules/.vite/deps/@tanstack_react-query.js?v=4d66a2ad:1137
[  101991ms] [ERROR] Failed to load resource: the server responded with a status of 404 (Not Found) @ http://localhost:5173/api/games/76/relays:0
[  102513ms] [ERROR] Failed to load resource: the server responded with a status of 404 (Not Found) @ http://localhost:5173/api/relays/invitations/count:0
[  102998ms] [ERROR] Failed to load resource: the server responded with a status of 404 (Not Found) @ http://localhost:5173/api/games/76/relays:0
[  108696ms] [WARNING] WebSocket connection to 'ws://localhost:5173/api/ws?token=eyJhbGciOiJIUzI1NiIsInR5cCI6IkpXVCJ9.eyJ1c2VySWQiOjEsInVzZXJuYW1lIjoiYWRtaW4iLCJyb2xlIjoib3duZXIiLCJpc3MiOiJzcGVsYSIsImV4cCI6MTc3MTE1NzU3OSwiaWF0IjoxNzcxMTU2Njc5fQ.rnA2WJnC2PdaqSMcCrtMuIWb7yA2RlVXreqUQEtbRng' failed: WebSocket is closed before the connection is established. @ http://localhost:5173/src/hooks/use-websocket.ts:58
[  108697ms] [WARNING] WebSocket connection to 'ws://localhost:5173/api/ws?token=eyJhbGciOiJIUzI1NiIsInR5cCI6IkpXVCJ9.eyJ1c2VySWQiOjEsInVzZXJuYW1lIjoiYWRtaW4iLCJyb2xlIjoib3duZXIiLCJpc3MiOiJzcGVsYSIsImV4cCI6MTc3MTE1NzU3OSwiaWF0IjoxNzcxMTU2Njc5fQ.rnA2WJnC2PdaqSMcCrtMuIWb7yA2RlVXreqUQEtbRng' failed: WebSocket is closed before the connection is established. @ http://localhost:5173/src/hooks/use-websocket.ts:31
[  108704ms] [ERROR] Failed to load resource: the server responded with a status of 404 (Not Found) @ http://localhost:5173/api/relays/invitations/count:0
[  108751ms] [ERROR] Failed to load resource: the server responded with a status of 404 (Not Found) @ http://localhost:5173/api/games/76/ratings/mine:0
[  108753ms] [ERROR] Failed to load resource: the server responded with a status of 404 (Not Found) @ http://localhost:5173/api/games/76/relays:0
[  108754ms] [ERROR] Query data cannot be undefined. Please make sure to return a value other than undefined from your query function. Affected query key: ["game-achievement-progress","76"] @ http://localhost:5173/node_modules/.vite/deps/@tanstack_react-query.js?v=4d66a2ad:1137
[  109715ms] [ERROR] Failed to load resource: the server responded with a status of 404 (Not Found) @ http://localhost:5173/api/relays/invitations/count:0
[  109764ms] [ERROR] Failed to load resource: the server responded with a status of 404 (Not Found) @ http://localhost:5173/api/games/76/relays:0
