Total messages: 94 (Errors: 6, Warnings: 5)
Returning 90 messages for level "info"

[INFO] %cDownload the React DevTools for a better development experience: https://react.dev/link/react-devtools font-weight:bold @ http://localhost:5173/node_modules/.vite/deps/react-dom_client.js?v=84252af0:20102
[WARNING] WebSocket connection to 'ws://localhost:5173/api/ws?token=eyJhbGciOiJIUzI1NiIsInR5cCI6IkpXVCJ9.eyJ1c2VySWQiOjEsInVzZXJuYW1lIjoiYWRtaW4iLCJyb2xlIjoib3duZXIiLCJ0b2tlblZlcnNpb24iOjAsImlzcyI6InNwZWxhIiwiZXhwIjoxNzcyMjIxMjE2LCJpYXQiOjE3NzIyMjAzMTZ9.KXRR4qg4rLZYBwPLw9-QontnlrIOrDMzvXBDb8p9LXw' failed: WebSocket is closed before the connection is established. @ http://localhost:5173/src/hooks/use-websocket.ts:58
[WARNING] WebSocket connection to 'ws://localhost:5173/api/ws?token=eyJhbGciOiJIUzI1NiIsInR5cCI6IkpXVCJ9.eyJ1c2VySWQiOjEsInVzZXJuYW1lIjoiYWRtaW4iLCJyb2xlIjoib3duZXIiLCJ0b2tlblZlcnNpb24iOjAsImlzcyI6InNwZWxhIiwiZXhwIjoxNzcyMjIxMjE2LCJpYXQiOjE3NzIyMjAzMTZ9.KXRR4qg4rLZYBwPLw9-QontnlrIOrDMzvXBDb8p9LXw' failed: WebSocket is closed before the connection is established. @ http://localhost:5173/src/hooks/use-websocket.ts:31
[ERROR] Failed to load resource: the server responded with a status of 404 (Not Found) @ http://localhost:5173/api/games/195/ratings/mine:0
[ERROR] Query data cannot be undefined. Please make sure to return a value other than undefined from your query function. Affected query key: ["game-achievement-progress","195"] @ http://localhost:5173/node_modules/.vite/deps/@tanstack_react-query.js?v=84252af0:1137
[INFO] %cDownload the React DevTools for a better development experience: https://react.dev/link/react-devtools font-weight:bold @ http://localhost:5173/node_modules/.vite/deps/react-dom_client.js?v=84252af0:20102
[WARNING] WebSocket connection to 'ws://localhost:5173/api/ws?token=eyJhbGciOiJIUzI1NiIsInR5cCI6IkpXVCJ9.eyJ1c2VySWQiOjEsInVzZXJuYW1lIjoiYWRtaW4iLCJyb2xlIjoib3duZXIiLCJ0b2tlblZlcnNpb24iOjAsImlzcyI6InNwZWxhIiwiZXhwIjoxNzcyMjIxMjE2LCJpYXQiOjE3NzIyMjAzMTZ9.KXRR4qg4rLZYBwPLw9-QontnlrIOrDMzvXBDb8p9LXw' failed: WebSocket is closed before the connection is established. @ http://localhost:5173/src/hooks/use-websocket.ts:58
[WARNING] WebSocket connection to 'ws://localhost:5173/api/ws?token=eyJhbGciOiJIUzI1NiIsInR5cCI6IkpXVCJ9.eyJ1c2VySWQiOjEsInVzZXJuYW1lIjoiYWRtaW4iLCJyb2xlIjoib3duZXIiLCJ0b2tlblZlcnNpb24iOjAsImlzcyI6InNwZWxhIiwiZXhwIjoxNzcyMjIxMjE2LCJpYXQiOjE3NzIyMjAzMTZ9.KXRR4qg4rLZYBwPLw9-QontnlrIOrDMzvXBDb8p9LXw' failed: WebSocket is closed before the connection is established. @ http://localhost:5173/src/hooks/use-websocket.ts:31
[ERROR] Failed to load resource: the server responded with a status of 404 (Not Found) @ http://localhost:5173/api/games/195/ratings/mine:0
[ERROR] Query data cannot be undefined. Please make sure to return a value other than undefined from your query function. Affected query key: ["game-achievement-progress","195"] @ http://localhost:5173/node_modules/.vite/deps/@tanstack_react-query.js?v=84252af0:1137
[WARNING] WebSocket connection to 'ws://localhost:5173/api/ws?token=eyJhbGciOiJIUzI1NiIsInR5cCI6IkpXVCJ9.eyJ1c2VySWQiOjEsInVzZXJuYW1lIjoiYWRtaW4iLCJyb2xlIjoib3duZXIiLCJ0b2tlblZlcnNpb24iOjAsImlzcyI6InNwZWxhIiwiZXhwIjoxNzcyMjIxMjE2LCJpYXQiOjE3NzIyMjAzMTZ9.KXRR4qg4rLZYBwPLw9-QontnlrIOrDMzvXBDb8p9LXw' failed: WebSocket is closed before the connection is established. @ http://localhost:5173/src/hooks/use-websocket.ts:58
[ERROR] Failed to load resource: the server responded with a status of 404 (Not Found) @ http://localhost:5173/api/games/195/saves/auto:0
[LOG] Loading language en-US @ http://localhost:5173/emulatorjs/data/loader.js:134
[LOG] Translation not found for 'Exit Emulation'. Language set to 'en-US' @ http://localhost:5173/emulatorjs/data/src/emulator.js:488
[LOG] {playPause: Object, play: Object, pause: Object, restart: Object, mute: Object} @ http://localhost:5173/emulatorjs/data/src/emulator.js:2272
[ERROR] Failed to load resource: the server responded with a status of 404 (Not Found) @ http://localhost:5173/api/games/195/discs/1/download?format=zip&token=eyJhbGciOiJIUzI1NiIsInR5cCI6IkpXVCJ9.eyJ1c2VySWQiOjEsInVzZXJuYW1lIjoiYWRtaW4iLCJyb2xlIjoib3duZXIiLCJ0b2tlblZlcnNpb24iOjAsImlzcyI6InNwZWxhIiwiZXhwIjoxNzcyMjIxMjE2LCJpYXQiOjE3NzIyMjAzMTZ9.KXRR4qg4rLZYBwPLw9-QontnlrIOrDMzvXBDb8p9LXw:0
[LOG] Network Error @ http://localhost:5173/emulatorjs/data/src/emulator.js:512
[LOG] Translation not found for 'Core (Requires restart)'. Language set to 'en-US' @ http://localhost:5173/emulatorjs/data/src/emulator.js:488
[LOG] retroarch_core pcsx_rearmed @ http://localhost:5173/emulatorjs/data/src/emulator.js:4336
[LOG] invalid core option retroarch_core. This is not an error. @ http://localhost:5173/emulatorjs/data/src/emulator.js:949
[LOG] Translation not found for 'Threads'. Language set to 'en-US' @ http://localhost:5173/emulatorjs/data/src/emulator.js:488
[LOG] ejs_threads enabled @ http://localhost:5173/emulatorjs/data/src/emulator.js:4336
[LOG] invalid core option ejs_threads. This is not an error. @ http://localhost:5173/emulatorjs/data/src/emulator.js:949
[LOG] shader disabled @ http://localhost:5173/emulatorjs/data/src/emulator.js:4336
[LOG] invalid core option shader. This is not an error. @ http://localhost:5173/emulatorjs/data/src/emulator.js:949
[LOG] webgl2Enabled enabled @ http://localhost:5173/emulatorjs/data/src/emulator.js:4336
[LOG] invalid core option webgl2Enabled. This is not an error. @ http://localhost:5173/emulatorjs/data/src/emulator.js:949
[LOG] fps hide @ http://localhost:5173/emulatorjs/data/src/emulator.js:4336
[LOG] vsync enabled @ http://localhost:5173/emulatorjs/data/src/emulator.js:4336
[LOG] invalid core option vsync. This is not an error. @ http://localhost:5173/emulatorjs/data/src/emulator.js:949
[LOG] videoRotation 0 @ http://localhost:5173/emulatorjs/data/src/emulator.js:4336
[LOG] invalid core option videoRotation. This is not an error. @ http://localhost:5173/emulatorjs/data/src/emulator.js:949
[LOG] Translation not found for 'Screenshot Source'. Language set to 'en-US' @ http://localhost:5173/emulatorjs/data/src/emulator.js:488
[LOG] screenshotSource canvas @ http://localhost:5173/emulatorjs/data/src/emulator.js:4336
[LOG] invalid core option screenshotSource. This is not an error. @ http://localhost:5173/emulatorjs/data/src/emulator.js:949
[LOG] Translation not found for 'Screenshot Format'. Language set to 'en-US' @ http://localhost:5173/emulatorjs/data/src/emulator.js:488
[LOG] screenshotFormat png @ http://localhost:5173/emulatorjs/data/src/emulator.js:4336
[LOG] invalid core option screenshotFormat. This is not an error. @ http://localhost:5173/emulatorjs/data/src/emulator.js:949
[LOG] Translation not found for 'Screenshot Upscale'. Language set to 'en-US' @ http://localhost:5173/emulatorjs/data/src/emulator.js:488
[LOG] screenshotUpscale 1 @ http://localhost:5173/emulatorjs/data/src/emulator.js:4336
[LOG] invalid core option screenshotUpscale. This is not an error. @ http://localhost:5173/emulatorjs/data/src/emulator.js:949
[LOG] Translation not found for 'Screen Recording FPS'. Language set to 'en-US' @ http://localhost:5173/emulatorjs/data/src/emulator.js:488
[LOG] screenRecordFPS 30 @ http://localhost:5173/emulatorjs/data/src/emulator.js:4336
[LOG] invalid core option screenRecordFPS. This is not an error. @ http://localhost:5173/emulatorjs/data/src/emulator.js:949
[LOG] Translation not found for 'Screen Recording Format'. Language set to 'en-US' @ http://localhost:5173/emulatorjs/data/src/emulator.js:488
[LOG] screenRecordFormat mp4 @ http://localhost:5173/emulatorjs/data/src/emulator.js:4336
[LOG] invalid core option screenRecordFormat. This is not an error. @ http://localhost:5173/emulatorjs/data/src/emulator.js:949
[LOG] Translation not found for 'Screen Recording Upscale'. Language set to 'en-US' @ http://localhost:5173/emulatorjs/data/src/emulator.js:488
[LOG] screenRecordUpscale 1 @ http://localhost:5173/emulatorjs/data/src/emulator.js:4336
[LOG] invalid core option screenRecordUpscale. This is not an error. @ http://localhost:5173/emulatorjs/data/src/emulator.js:949
[LOG] Translation not found for 'Screen Recording Video Bitrate'. Language set to 'en-US' @ http://localhost:5173/emulatorjs/data/src/emulator.js:488
[LOG] screenRecordVideoBitrate 2621440 @ http://localhost:5173/emulatorjs/data/src/emulator.js:4336
[LOG] invalid core option screenRecordVideoBitrate. This is not an error. @ http://localhost:5173/emulatorjs/data/src/emulator.js:949
[LOG] Translation not found for 'Screen Recording Audio Bitrate'. Language set to 'en-US' @ http://localhost:5173/emulatorjs/data/src/emulator.js:488
[LOG] screenRecordAudioBitrate 196608 @ http://localhost:5173/emulatorjs/data/src/emulator.js:4336
[LOG] invalid core option screenRecordAudioBitrate. This is not an error. @ http://localhost:5173/emulatorjs/data/src/emulator.js:949
[LOG] fastForward disabled @ http://localhost:5173/emulatorjs/data/src/emulator.js:4336
[LOG] invalid core option fastForward. This is not an error. @ http://localhost:5173/emulatorjs/data/src/emulator.js:949
[LOG] ff-ratio 3.0 @ http://localhost:5173/emulatorjs/data/src/emulator.js:4336
[LOG] invalid core option ff-ratio. This is not an error. @ http://localhost:5173/emulatorjs/data/src/emulator.js:949
[LOG] slowMotion disabled @ http://localhost:5173/emulatorjs/data/src/emulator.js:4336
[LOG] invalid core option slowMotion. This is not an error. @ http://localhost:5173/emulatorjs/data/src/emulator.js:949
[LOG] sm-ratio 3.0 @ http://localhost:5173/emulatorjs/data/src/emulator.js:4336
[LOG] invalid core option sm-ratio. This is not an error. @ http://localhost:5173/emulatorjs/data/src/emulator.js:949
[LOG] rewindEnabled disabled @ http://localhost:5173/emulatorjs/data/src/emulator.js:4336
[LOG] invalid core option rewindEnabled. This is not an error. @ http://localhost:5173/emulatorjs/data/src/emulator.js:949
[LOG] Translation not found for 'Menubar Mouse Trigger'. Language set to 'en-US' @ http://localhost:5173/emulatorjs/data/src/emulator.js:488
[LOG] Translation not found for 'Downward Movement'. Language set to 'en-US' @ http://localhost:5173/emulatorjs/data/src/emulator.js:488
[LOG] Translation not found for 'Movement Anywhere'. Language set to 'en-US' @ http://localhost:5173/emulatorjs/data/src/emulator.js:488
[LOG] menubarBehavior downward @ http://localhost:5173/emulatorjs/data/src/emulator.js:4336
[LOG] invalid core option menubarBehavior. This is not an error. @ http://localhost:5173/emulatorjs/data/src/emulator.js:949
[LOG] Translation not found for 'Direct Keyboard Input'. Language set to 'en-US' @ http://localhost:5173/emulatorjs/data/src/emulator.js:488
[LOG] keyboardInput disabled @ http://localhost:5173/emulatorjs/data/src/emulator.js:4336
[LOG] invalid core option keyboardInput. This is not an error. @ http://localhost:5173/emulatorjs/data/src/emulator.js:949
[LOG] Translation not found for 'Forward Alt key'. Language set to 'en-US' @ http://localhost:5173/emulatorjs/data/src/emulator.js:488
[LOG] altKeyboardInput disabled @ http://localhost:5173/emulatorjs/data/src/emulator.js:4336
[LOG] invalid core option altKeyboardInput. This is not an error. @ http://localhost:5173/emulatorjs/data/src/emulator.js:949
[LOG] Translation not found for 'Lock Mouse'. Language set to 'en-US' @ http://localhost:5173/emulatorjs/data/src/emulator.js:488
[LOG] lockMouse disabled @ http://localhost:5173/emulatorjs/data/src/emulator.js:4336
[LOG] invalid core option lockMouse. This is not an error. @ http://localhost:5173/emulatorjs/data/src/emulator.js:949
[LOG] save-state-slot 1 @ http://localhost:5173/emulatorjs/data/src/emulator.js:4336
[LOG] invalid core option save-state-slot. This is not an error. @ http://localhost:5173/emulatorjs/data/src/emulator.js:949
[LOG] save-state-location download @ http://localhost:5173/emulatorjs/data/src/emulator.js:4336
[LOG] invalid core option save-state-location. This is not an error. @ http://localhost:5173/emulatorjs/data/src/emulator.js:949
[LOG] save-save-interval 300 @ http://localhost:5173/emulatorjs/data/src/emulator.js:4336
[LOG] Saving every 300000 miliseconds @ http://localhost:5173/emulatorjs/data/src/emulator.js:4319
[LOG] invalid core option save-save-interval. This is not an error. @ http://localhost:5173/emulatorjs/data/src/emulator.js:949
[LOG] Available core options {retroarch_core: Object, ejs_threads: Object, shader: Object, webgl2Enabled: Object, fps: Object} @ http://localhost:5173/emulatorjs/data/src/emulator.js:5103
[LOG] shader crt-mattias @ http://localhost:5173/emulatorjs/data/src/emulator.js:4336
[LOG] invalid core option shader. This is not an error. @ http://localhost:5173/emulatorjs/data/src/emulator.js:949