Total messages: 283 (Errors: 3, Warnings: 3)
Returning 281 messages for level "info"

[INFO] %cDownload the React DevTools for a better development experience: https://react.dev/link/react-devtools font-weight:bold @ http://localhost:5173/node_modules/.vite/deps/react-dom_client.js?v=84252af0:20102
[WARNING] WebSocket connection to 'ws://localhost:5173/api/ws?token=eyJhbGciOiJIUzI1NiIsInR5cCI6IkpXVCJ9.eyJ1c2VySWQiOjEsInVzZXJuYW1lIjoiYWRtaW4iLCJyb2xlIjoib3duZXIiLCJ0b2tlblZlcnNpb24iOjAsImlzcyI6InNwZWxhIiwiZXhwIjoxNzcyMjIwNjc2LCJpYXQiOjE3NzIyMTk3NzZ9.thrLwl19hfxwNYdNj6lhvjpafi8N7DShaH4pEFi_Us4' failed: WebSocket is closed before the connection is established. @ http://localhost:5173/src/hooks/use-websocket.ts:58
[WARNING] WebSocket connection to 'ws://localhost:5173/api/ws?token=eyJhbGciOiJIUzI1NiIsInR5cCI6IkpXVCJ9.eyJ1c2VySWQiOjEsInVzZXJuYW1lIjoiYWRtaW4iLCJyb2xlIjoib3duZXIiLCJ0b2tlblZlcnNpb24iOjAsImlzcyI6InNwZWxhIiwiZXhwIjoxNzcyMjIwNjc2LCJpYXQiOjE3NzIyMTk3NzZ9.thrLwl19hfxwNYdNj6lhvjpafi8N7DShaH4pEFi_Us4' failed: WebSocket is closed before the connection is established. @ http://localhost:5173/src/hooks/use-websocket.ts:31
[ERROR] Failed to load resource: the server responded with a status of 404 (Not Found) @ http://localhost:5173/api/games/195/ratings/mine:0
[ERROR] Query data cannot be undefined. Please make sure to return a value other than undefined from your query function. Affected query key: ["game-achievement-progress","195"] @ http://localhost:5173/node_modules/.vite/deps/@tanstack_react-query.js?v=84252af0:1137
[WARNING] WebSocket connection to 'ws://localhost:5173/api/ws?token=eyJhbGciOiJIUzI1NiIsInR5cCI6IkpXVCJ9.eyJ1c2VySWQiOjEsInVzZXJuYW1lIjoiYWRtaW4iLCJyb2xlIjoib3duZXIiLCJ0b2tlblZlcnNpb24iOjAsImlzcyI6InNwZWxhIiwiZXhwIjoxNzcyMjIwNjc2LCJpYXQiOjE3NzIyMTk3NzZ9.thrLwl19hfxwNYdNj6lhvjpafi8N7DShaH4pEFi_Us4' failed: WebSocket is closed before the connection is established. @ http://localhost:5173/src/hooks/use-websocket.ts:58
[ERROR] Failed to load resource: the server responded with a status of 404 (Not Found) @ http://localhost:5173/api/games/195/saves/auto:0
[LOG] Loading language en-US @ http://localhost:5173/emulatorjs/data/loader.js:134
[LOG] Translation not found for 'Exit Emulation'. Language set to 'en-US' @ http://localhost:5173/emulatorjs/data/src/emulator.js:488
[LOG] {playPause: Object, play: Object, pause: Object, restart: Object, mute: Object} @ http://localhost:5173/emulatorjs/data/src/emulator.js:2272
[LOG] [-v, /download] @ http://localhost:5173/emulatorjs/data/src/emulator.js:985
[LOG] Built for EmulatorJS @ http://localhost:5173/emulatorjs/data/src/emulator.js:949
[LOG] Download a copy from https://github.com/EmulatorJS/EmulatorJS @ http://localhost:5173/emulatorjs/data/src/emulator.js:949
[LOG] View the licence here: https://github.com/EmulatorJS/EmulatorJS/blob/main/LICENSE @ http://localhost:5173/emulatorjs/data/src/emulator.js:949
[LOG] [INFO] [Config]: Looking for config in: "/home/web_user/.config/retroarch/retroarch.cfg". @ http://localhost:5173/emulatorjs/data/src/emulator.js:954
[LOG] [INFO] RetroArch 1.21.0 (Git 6dd4353) @ http://localhost:5173/emulatorjs/data/src/emulator.js:954
[LOG] [INFO] === Build ======================================= @ http://localhost:5173/emulatorjs/data/src/emulator.js:954
[LOG] [INFO] Capabilities:  @ http://localhost:5173/emulatorjs/data/src/emulator.js:954
[LOG] [INFO] Version: 1.21.0 @ http://localhost:5173/emulatorjs/data/src/emulator.js:954
[LOG] [INFO] Git: 6dd4353 @ http://localhost:5173/emulatorjs/data/src/emulator.js:954
[LOG] [INFO] Built: Jun 14 2025 @ http://localhost:5173/emulatorjs/data/src/emulator.js:954
[LOG] [INFO] ================================================= @ http://localhost:5173/emulatorjs/data/src/emulator.js:954
[LOG] [INFO] [Input]: Found input driver: "emulatorjs". @ http://localhost:5173/emulatorjs/data/src/emulator.js:954
[LOG] [INFO] [Overrides]: Redirecting save file to "/data/saves/PCSX-ReARMed/download.srm". @ http://localhost:5173/emulatorjs/data/src/emulator.js:954
[LOG] [INFO] [Overrides]: Redirecting save state to "/home/web_user/retroarch/userdata/states/PCSX-ReARMed/download.state". @ http://localhost:5173/emulatorjs/data/src/emulator.js:954
[LOG] [INFO] [Environ]: GET_LOG_INTERFACE. @ http://localhost:5173/emulatorjs/data/src/emulator.js:954
[LOG] [INFO] [Environ]: SET_CONTROLLER_INFO. @ http://localhost:5173/emulatorjs/data/src/emulator.js:954
[LOG] [INFO] [Environ]: GET_CORE_OPTIONS_VERSION. @ http://localhost:5173/emulatorjs/data/src/emulator.js:954
[LOG] [INFO] [Environ]: RETRO_ENVIRONMENT_SET_CORE_OPTIONS_V2_INTL. @ http://localhost:5173/emulatorjs/data/src/emulator.js:954
[LOG] Setting up core settings with path: /home/web_user/retroarch/userdata/config/PCSX-ReARMed/PCSX-ReARMed.opt @ http://localhost:5173/emulatorjs/data/src/GameManager.js:62
[LOG] [INFO] [Environ]: GET_MESSAGE_INTERFACE_VERSION. @ http://localhost:5173/emulatorjs/data/src/emulator.js:954
[LOG] [libretro INFO] Memcard 2: disabled @ http://localhost:5173/emulatorjs/data/src/emulator.js:954
[LOG] [libretro INFO] Starting PCSX-ReARMed 092633f8 (cc Clang 21.0.0git (https:/github.com/llvm/llvm-project 23e3cbb2e82b62586266116c8ab77ce68e412cf8) 32bit pic gpu=peops) @ http://localhost:5173/emulatorjs/data/src/emulator.js:954
[LOG] [libretro INFO] build time: Jun 14 2025 13:36:55 @ http://localhost:5173/emulatorjs/data/src/emulator.js:954
[LOG] [libretro INFO] psxMap: tried to map @80000000, got 0xa15728 @ http://localhost:5173/emulatorjs/data/src/emulator.js:954
[LOG] [libretro INFO] psxMap: tried to map @77000000, got 0xa15728 @ http://localhost:5173/emulatorjs/data/src/emulator.js:954
[LOG] [libretro INFO] psxMap: tried to map @1f800000, got 0x5d9390 @ http://localhost:5173/emulatorjs/data/src/emulator.js:954
[LOG] [libretro INFO] psxMap: tried to map @1fc00000, got 0xc25730 @ http://localhost:5173/emulatorjs/data/src/emulator.js:954
[LOG] [WARN] [Environ]: SYSTEM DIR is empty, assume CONTENT DIR /download @ http://localhost:5173/emulatorjs/data/src/emulator.js:954
[LOG] [INFO] [Environ]: SYSTEM_DIRECTORY: "/". @ http://localhost:5173/emulatorjs/data/src/emulator.js:954
[LOG] [libretro INFO] found BIOS file: scph5500.bin @ http://localhost:5173/emulatorjs/data/src/emulator.js:954
[LOG] [INFO] [Environ]: GET_CAN_DUPE: true @ http://localhost:5173/emulatorjs/data/src/emulator.js:954
[LOG] [INFO] [Environ]: GET_DISK_CONTROL_INTERFACE_VERSION. @ http://localhost:5173/emulatorjs/data/src/emulator.js:954
[LOG] [INFO] [Environ]: SET_DISK_CONTROL_EXT_INTERFACE. @ http://localhost:5173/emulatorjs/data/src/emulator.js:954
[LOG] [INFO] [Environ]: GET_RUMBLE_INTERFACE. @ http://localhost:5173/emulatorjs/data/src/emulator.js:954
[LOG] [INFO] [Environ]: PERFORMANCE_LEVEL: 6. @ http://localhost:5173/emulatorjs/data/src/emulator.js:954
[LOG] [INFO] [Content]: Content loading skipped. Implementation will load it on its own. @ http://localhost:5173/emulatorjs/data/src/emulator.js:954
[LOG] [INFO] [Environ]: SET_INPUT_DESCRIPTORS: @ http://localhost:5173/emulatorjs/data/src/emulator.js:954
[LOG] [INFO] [Environ]: SET_PIXEL_FORMAT: RGB565. @ http://localhost:5173/emulatorjs/data/src/emulator.js:954
[LOG] [libretro INFO] Using PIXEL_FORMAT 2 @ http://localhost:5173/emulatorjs/data/src/emulator.js:954
[LOG] [libretro INFO] plugin: /builtin_gpu @ http://localhost:5173/emulatorjs/data/src/emulator.js:954
[LOG] [libretro INFO] plugin: /builtin_spu @ http://localhost:5173/emulatorjs/data/src/emulator.js:954
[LOG] [libretro INFO] Plugins loaded. @ http://localhost:5173/emulatorjs/data/src/emulator.js:954
[LOG] [libretro INFO] Loaded CD Image: /download (87 bytes). @ http://localhost:5173/emulatorjs/data/src/emulator.js:954
[LOG] [libretro ERROR] unsupported/invalid CD image: /download @ http://localhost:5173/emulatorjs/data/src/emulator.js:954
[LOG] [ERROR] [Content]: Failed to load content @ http://localhost:5173/emulatorjs/data/src/emulator.js:954
[LOG] [INFO] [Environ]: SET_PIXEL_FORMAT: RGB565. @ http://localhost:5173/emulatorjs/data/src/emulator.js:954
[LOG] [INFO] [Core]: Version of libretro API: 1, Compiled against API: 1 @ http://localhost:5173/emulatorjs/data/src/emulator.js:954
[LOG] [INFO] [Core]: Geometry: 320x240, Aspect: 1.333, FPS: 60.00, Sample rate: 48000.00 Hz. @ http://localhost:5173/emulatorjs/data/src/emulator.js:954
[LOG] [INFO] [Video]: Set video size to: 960x720. @ http://localhost:5173/emulatorjs/data/src/emulator.js:954
[LOG] [INFO] [EMSCRIPTEN/WebGL]: Dimensions: 300x150 @ http://localhost:5173/emulatorjs/data/src/emulator.js:954
[LOG] [INFO] [GL]: Found GL context: "webgl_emscripten". @ http://localhost:5173/emulatorjs/data/src/emulator.js:954
[LOG] [INFO] [GL]: Detecting screen resolution: 300x150. @ http://localhost:5173/emulatorjs/data/src/emulator.js:954
[LOG] [INFO] [GL]: Vendor: WebKit, Renderer: WebKit WebGL. @ http://localhost:5173/emulatorjs/data/src/emulator.js:954
[LOG] [INFO] [GL]: Version: OpenGL ES 3.0 (WebGL 2.0 (OpenGL ES 3.0 Chromium)). @ http://localhost:5173/emulatorjs/data/src/emulator.js:954
[LOG] [WARN] [GL]: GLES implementation does not have BGRA8888 extension. @ http://localhost:5173/emulatorjs/data/src/emulator.js:954
[LOG] [GL]: 32-bit path will require conversion. @ http://localhost:5173/emulatorjs/data/src/emulator.js:954
[LOG] [INFO] [GL]: Using resolution 300x150. @ http://localhost:5173/emulatorjs/data/src/emulator.js:954
[LOG] [INFO] [GL]: Default shader backend found: glsl. @ http://localhost:5173/emulatorjs/data/src/emulator.js:954
[LOG] [INFO] [Shader driver]: Using GLSL shader backend. @ http://localhost:5173/emulatorjs/data/src/emulator.js:954
[LOG] [WARN] [GL]: Stock GLSL shaders will be used. @ http://localhost:5173/emulatorjs/data/src/emulator.js:954
[LOG] [INFO] [GLSL]: Found GLSL vertex shader. @ http://localhost:5173/emulatorjs/data/src/emulator.js:954
[LOG] [INFO] Shader log: WARNING: 0:5: 'GL_OES_standard_derivatives' : extension is not supported @ http://localhost:5173/emulatorjs/data/src/emulator.js:954
[LOG]  @ http://localhost:5173/emulatorjs/data/src/emulator.js:954
[LOG] [INFO] [GLSL]: Found GLSL fragment shader. @ http://localhost:5173/emulatorjs/data/src/emulator.js:954
[LOG] [INFO] Shader log: WARNING: 0:5: 'GL_OES_standard_derivatives' : extension is not supported @ http://localhost:5173/emulatorjs/data/src/emulator.js:954
[LOG]  @ http://localhost:5173/emulatorjs/data/src/emulator.js:954
[LOG] [INFO] [GLSL]: Linking GLSL program. @ http://localhost:5173/emulatorjs/data/src/emulator.js:954
[LOG] [INFO] [GLSL]: Found GLSL vertex shader. @ http://localhost:5173/emulatorjs/data/src/emulator.js:954
[LOG] [INFO] Shader log: WARNING: 0:5: 'GL_OES_standard_derivatives' : extension is not supported @ http://localhost:5173/emulatorjs/data/src/emulator.js:954
[LOG]  @ http://localhost:5173/emulatorjs/data/src/emulator.js:954
[LOG] [INFO] [GLSL]: Found GLSL fragment shader. @ http://localhost:5173/emulatorjs/data/src/emulator.js:954
[LOG] [INFO] Shader log: WARNING: 0:5: 'GL_OES_standard_derivatives' : extension is not supported @ http://localhost:5173/emulatorjs/data/src/emulator.js:954
[LOG]  @ http://localhost:5173/emulatorjs/data/src/emulator.js:954
[LOG] [INFO] [GLSL]: Linking GLSL program. @ http://localhost:5173/emulatorjs/data/src/emulator.js:954
[LOG] [INFO] [GLSL]: Found GLSL vertex shader. @ http://localhost:5173/emulatorjs/data/src/emulator.js:954
[LOG] [INFO] Shader log: WARNING: 0:5: 'GL_OES_standard_derivatives' : extension is not supported @ http://localhost:5173/emulatorjs/data/src/emulator.js:954
[LOG]  @ http://localhost:5173/emulatorjs/data/src/emulator.js:954
[LOG] [INFO] [GLSL]: Found GLSL fragment shader. @ http://localhost:5173/emulatorjs/data/src/emulator.js:954
[LOG] [INFO] Shader log: WARNING: 0:5: 'GL_OES_standard_derivatives' : extension is not supported @ http://localhost:5173/emulatorjs/data/src/emulator.js:954
[LOG]  @ http://localhost:5173/emulatorjs/data/src/emulator.js:954
[LOG] [INFO] [GLSL]: Linking GLSL program. @ http://localhost:5173/emulatorjs/data/src/emulator.js:954
[LOG] [INFO] [GL]: Using 4 textures. @ http://localhost:5173/emulatorjs/data/src/emulator.js:954
[LOG] [INFO] [GL]: Loaded 1 program(s). @ http://localhost:5173/emulatorjs/data/src/emulator.js:954
[LOG] [INFO] [Video]: Found display server: "null". @ http://localhost:5173/emulatorjs/data/src/emulator.js:954
[LOG] [INFO] [Audio]: Set audio input rate to: 48000.00 Hz. @ http://localhost:5173/emulatorjs/data/src/emulator.js:954
[LOG] [INFO] [OpenAL]: Using 10 buffers of 1024 bytes. @ http://localhost:5173/emulatorjs/data/src/emulator.js:954
[LOG] [INFO] [Audio]: Started synchronous audio driver. @ http://localhost:5173/emulatorjs/data/src/emulator.js:954
[LOG] [INFO] [Display]: Found display driver: "gl". @ http://localhost:5173/emulatorjs/data/src/emulator.js:954
[LOG] [INFO] [Config]: Saved new config to "/home/web_user/.config/retroarch/retroarch.cfg". @ http://localhost:5173/emulatorjs/data/src/emulator.js:954
[LOG] [INFO] [Playlist]: Loading history file: "/home/web_user/.config/retroarch/content_history.lpl". @ http://localhost:5173/emulatorjs/data/src/emulator.js:954
[LOG] [INFO] [Playlist]: Loading history file: "/home/web_user/.config/retroarch/content_music_history.lpl". @ http://localhost:5173/emulatorjs/data/src/emulator.js:954
[LOG] [INFO] [Playlist]: Loading favorites file: "/home/web_user/.config/retroarch/content_favorites.lpl". @ http://localhost:5173/emulatorjs/data/src/emulator.js:954
[LOG] Available core options {} @ http://localhost:5173/emulatorjs/data/src/emulator.js:4519
[LOG] Translation not found for 'Core (Requires restart)'. Language set to 'en-US' @ http://localhost:5173/emulatorjs/data/src/emulator.js:488
[LOG] retroarch_core pcsx_rearmed @ http://localhost:5173/emulatorjs/data/src/emulator.js:4336
[LOG] invalid core option retroarch_core. This is not an error. @ http://localhost:5173/emulatorjs/data/src/emulator.js:949
[LOG] Translation not found for 'Threads'. Language set to 'en-US' @ http://localhost:5173/emulatorjs/data/src/emulator.js:488
[LOG] ejs_threads enabled @ http://localhost:5173/emulatorjs/data/src/emulator.js:4336
[LOG] invalid core option ejs_threads. This is not an error. @ http://localhost:5173/emulatorjs/data/src/emulator.js:949
[LOG] shader disabled @ http://localhost:5173/emulatorjs/data/src/emulator.js:4336
[LOG] [ERROR] [GL]: none shader not supported, falling back to stock GLSL @ http://localhost:5173/emulatorjs/data/src/emulator.js:954
[LOG] [INFO] [Shader driver]: Using GLSL shader backend. @ http://localhost:5173/emulatorjs/data/src/emulator.js:954
[LOG] [WARN] [GL]: Stock GLSL shaders will be used. @ http://localhost:5173/emulatorjs/data/src/emulator.js:954
[LOG] [INFO] [GLSL]: Found GLSL vertex shader. @ http://localhost:5173/emulatorjs/data/src/emulator.js:954
[LOG] [INFO] Shader log: WARNING: 0:5: 'GL_OES_standard_derivatives' : extension is not supported @ http://localhost:5173/emulatorjs/data/src/emulator.js:954
[LOG]  @ http://localhost:5173/emulatorjs/data/src/emulator.js:954
[LOG] [INFO] [GLSL]: Found GLSL fragment shader. @ http://localhost:5173/emulatorjs/data/src/emulator.js:954
[LOG] [INFO] Shader log: WARNING: 0:5: 'GL_OES_standard_derivatives' : extension is not supported @ http://localhost:5173/emulatorjs/data/src/emulator.js:954
[LOG]  @ http://localhost:5173/emulatorjs/data/src/emulator.js:954
[LOG] [INFO] [GLSL]: Linking GLSL program. @ http://localhost:5173/emulatorjs/data/src/emulator.js:954
[LOG] [INFO] [GLSL]: Found GLSL vertex shader. @ http://localhost:5173/emulatorjs/data/src/emulator.js:954
[LOG] [INFO] Shader log: WARNING: 0:5: 'GL_OES_standard_derivatives' : extension is not supported @ http://localhost:5173/emulatorjs/data/src/emulator.js:954
[LOG]  @ http://localhost:5173/emulatorjs/data/src/emulator.js:954
[LOG] [INFO] [GLSL]: Found GLSL fragment shader. @ http://localhost:5173/emulatorjs/data/src/emulator.js:954
[LOG] [INFO] Shader log: WARNING: 0:5: 'GL_OES_standard_derivatives' : extension is not supported @ http://localhost:5173/emulatorjs/data/src/emulator.js:954
[LOG]  @ http://localhost:5173/emulatorjs/data/src/emulator.js:954
[LOG] [INFO] [GLSL]: Linking GLSL program. @ http://localhost:5173/emulatorjs/data/src/emulator.js:954
[LOG] [INFO] [GLSL]: Found GLSL vertex shader. @ http://localhost:5173/emulatorjs/data/src/emulator.js:954
[LOG] [INFO] Shader log: WARNING: 0:5: 'GL_OES_standard_derivatives' : extension is not supported @ http://localhost:5173/emulatorjs/data/src/emulator.js:954
[LOG]  @ http://localhost:5173/emulatorjs/data/src/emulator.js:954
[LOG] [INFO] [GLSL]: Found GLSL fragment shader. @ http://localhost:5173/emulatorjs/data/src/emulator.js:954
[LOG] [INFO] Shader log: WARNING: 0:5: 'GL_OES_standard_derivatives' : extension is not supported @ http://localhost:5173/emulatorjs/data/src/emulator.js:954
[LOG]  @ http://localhost:5173/emulatorjs/data/src/emulator.js:954
[LOG] [INFO] [GLSL]: Linking GLSL program. @ http://localhost:5173/emulatorjs/data/src/emulator.js:954
[LOG] [INFO] [Shaders]: Applying shader: "". @ http://localhost:5173/emulatorjs/data/src/emulator.js:954
[LOG] invalid core option shader. This is not an error. @ http://localhost:5173/emulatorjs/data/src/emulator.js:949
[LOG] webgl2Enabled enabled @ http://localhost:5173/emulatorjs/data/src/emulator.js:4336
[LOG] invalid core option webgl2Enabled. This is not an error. @ http://localhost:5173/emulatorjs/data/src/emulator.js:949
[LOG] fps hide @ http://localhost:5173/emulatorjs/data/src/emulator.js:4336
[LOG] vsync enabled @ http://localhost:5173/emulatorjs/data/src/emulator.js:4336
[LOG] invalid core option vsync. This is not an error. @ http://localhost:5173/emulatorjs/data/src/emulator.js:949
[LOG] videoRotation 0 @ http://localhost:5173/emulatorjs/data/src/emulator.js:4336
[LOG] invalid core option videoRotation. This is not an error. @ http://localhost:5173/emulatorjs/data/src/emulator.js:949
[LOG] Translation not found for 'Screenshot Source'. Language set to 'en-US' @ http://localhost:5173/emulatorjs/data/src/emulator.js:488
[LOG] screenshotSource canvas @ http://localhost:5173/emulatorjs/data/src/emulator.js:4336
[LOG] invalid core option screenshotSource. This is not an error. @ http://localhost:5173/emulatorjs/data/src/emulator.js:949
[LOG] Translation not found for 'Screenshot Format'. Language set to 'en-US' @ http://localhost:5173/emulatorjs/data/src/emulator.js:488
[LOG] screenshotFormat png @ http://localhost:5173/emulatorjs/data/src/emulator.js:4336
[LOG] invalid core option screenshotFormat. This is not an error. @ http://localhost:5173/emulatorjs/data/src/emulator.js:949
[LOG] Translation not found for 'Screenshot Upscale'. Language set to 'en-US' @ http://localhost:5173/emulatorjs/data/src/emulator.js:488
[LOG] screenshotUpscale 1 @ http://localhost:5173/emulatorjs/data/src/emulator.js:4336
[LOG] invalid core option screenshotUpscale. This is not an error. @ http://localhost:5173/emulatorjs/data/src/emulator.js:949
[LOG] Translation not found for 'Screen Recording FPS'. Language set to 'en-US' @ http://localhost:5173/emulatorjs/data/src/emulator.js:488
[LOG] screenRecordFPS 30 @ http://localhost:5173/emulatorjs/data/src/emulator.js:4336
[LOG] invalid core option screenRecordFPS. This is not an error. @ http://localhost:5173/emulatorjs/data/src/emulator.js:949
[LOG] Translation not found for 'Screen Recording Format'. Language set to 'en-US' @ http://localhost:5173/emulatorjs/data/src/emulator.js:488
[LOG] screenRecordFormat mp4 @ http://localhost:5173/emulatorjs/data/src/emulator.js:4336
[LOG] invalid core option screenRecordFormat. This is not an error. @ http://localhost:5173/emulatorjs/data/src/emulator.js:949
[LOG] Translation not found for 'Screen Recording Upscale'. Language set to 'en-US' @ http://localhost:5173/emulatorjs/data/src/emulator.js:488
[LOG] screenRecordUpscale 1 @ http://localhost:5173/emulatorjs/data/src/emulator.js:4336
[LOG] invalid core option screenRecordUpscale. This is not an error. @ http://localhost:5173/emulatorjs/data/src/emulator.js:949
[LOG] Translation not found for 'Screen Recording Video Bitrate'. Language set to 'en-US' @ http://localhost:5173/emulatorjs/data/src/emulator.js:488
[LOG] screenRecordVideoBitrate 2621440 @ http://localhost:5173/emulatorjs/data/src/emulator.js:4336
[LOG] invalid core option screenRecordVideoBitrate. This is not an error. @ http://localhost:5173/emulatorjs/data/src/emulator.js:949
[LOG] Translation not found for 'Screen Recording Audio Bitrate'. Language set to 'en-US' @ http://localhost:5173/emulatorjs/data/src/emulator.js:488
[LOG] screenRecordAudioBitrate 196608 @ http://localhost:5173/emulatorjs/data/src/emulator.js:4336
[LOG] invalid core option screenRecordAudioBitrate. This is not an error. @ http://localhost:5173/emulatorjs/data/src/emulator.js:949
[LOG] fastForward disabled @ http://localhost:5173/emulatorjs/data/src/emulator.js:4336
[LOG] invalid core option fastForward. This is not an error. @ http://localhost:5173/emulatorjs/data/src/emulator.js:949
[LOG] ff-ratio 3.0 @ http://localhost:5173/emulatorjs/data/src/emulator.js:4336
[LOG] invalid core option ff-ratio. This is not an error. @ http://localhost:5173/emulatorjs/data/src/emulator.js:949
[LOG] slowMotion disabled @ http://localhost:5173/emulatorjs/data/src/emulator.js:4336
[LOG] invalid core option slowMotion. This is not an error. @ http://localhost:5173/emulatorjs/data/src/emulator.js:949
[LOG] sm-ratio 3.0 @ http://localhost:5173/emulatorjs/data/src/emulator.js:4336
[LOG] invalid core option sm-ratio. This is not an error. @ http://localhost:5173/emulatorjs/data/src/emulator.js:949
[LOG] rewindEnabled disabled @ http://localhost:5173/emulatorjs/data/src/emulator.js:4336
[LOG] invalid core option rewindEnabled. This is not an error. @ http://localhost:5173/emulatorjs/data/src/emulator.js:949
[LOG] Translation not found for 'Menubar Mouse Trigger'. Language set to 'en-US' @ http://localhost:5173/emulatorjs/data/src/emulator.js:488
[LOG] Translation not found for 'Downward Movement'. Language set to 'en-US' @ http://localhost:5173/emulatorjs/data/src/emulator.js:488
[LOG] Translation not found for 'Movement Anywhere'. Language set to 'en-US' @ http://localhost:5173/emulatorjs/data/src/emulator.js:488
[LOG] menubarBehavior downward @ http://localhost:5173/emulatorjs/data/src/emulator.js:4336
[LOG] invalid core option menubarBehavior. This is not an error. @ http://localhost:5173/emulatorjs/data/src/emulator.js:949
[LOG] Translation not found for 'Direct Keyboard Input'. Language set to 'en-US' @ http://localhost:5173/emulatorjs/data/src/emulator.js:488
[LOG] keyboardInput disabled @ http://localhost:5173/emulatorjs/data/src/emulator.js:4336
[LOG] invalid core option keyboardInput. This is not an error. @ http://localhost:5173/emulatorjs/data/src/emulator.js:949
[LOG] Translation not found for 'Forward Alt key'. Language set to 'en-US' @ http://localhost:5173/emulatorjs/data/src/emulator.js:488
[LOG] altKeyboardInput disabled @ http://localhost:5173/emulatorjs/data/src/emulator.js:4336
[LOG] invalid core option altKeyboardInput. This is not an error. @ http://localhost:5173/emulatorjs/data/src/emulator.js:949
[LOG] Translation not found for 'Lock Mouse'. Language set to 'en-US' @ http://localhost:5173/emulatorjs/data/src/emulator.js:488
[LOG] lockMouse disabled @ http://localhost:5173/emulatorjs/data/src/emulator.js:4336
[LOG] invalid core option lockMouse. This is not an error. @ http://localhost:5173/emulatorjs/data/src/emulator.js:949
[LOG] save-state-slot 1 @ http://localhost:5173/emulatorjs/data/src/emulator.js:4336
[LOG] invalid core option save-state-slot. This is not an error. @ http://localhost:5173/emulatorjs/data/src/emulator.js:949
[LOG] save-state-location download @ http://localhost:5173/emulatorjs/data/src/emulator.js:4336
[LOG] invalid core option save-state-location. This is not an error. @ http://localhost:5173/emulatorjs/data/src/emulator.js:949
[LOG] save-save-interval 300 @ http://localhost:5173/emulatorjs/data/src/emulator.js:4336
[LOG] Saving every 300000 miliseconds @ http://localhost:5173/emulatorjs/data/src/emulator.js:4319
[LOG] invalid core option save-save-interval. This is not an error. @ http://localhost:5173/emulatorjs/data/src/emulator.js:949
[LOG] pcsx_rearmed_region auto @ http://localhost:5173/emulatorjs/data/src/emulator.js:4336
[LOG] pcsx_rearmed_bios auto @ http://localhost:5173/emulatorjs/data/src/emulator.js:4336
[LOG] pcsx_rearmed_show_bios_bootlogo disabled @ http://localhost:5173/emulatorjs/data/src/emulator.js:4336
[LOG] pcsx_rearmed_memcard2 disabled @ http://localhost:5173/emulatorjs/data/src/emulator.js:4336
[LOG] pcsx_rearmed_psxclock auto @ http://localhost:5173/emulatorjs/data/src/emulator.js:4336
[LOG] pcsx_rearmed_dithering enabled @ http://localhost:5173/emulatorjs/data/src/emulator.js:4336
[LOG] pcsx_rearmed_gpu_thread_rendering disabled @ http://localhost:5173/emulatorjs/data/src/emulator.js:4336
[LOG] pcsx_rearmed_frameskip_type disabled @ http://localhost:5173/emulatorjs/data/src/emulator.js:4336
[LOG] pcsx_rearmed_frameskip_threshold 33 @ http://localhost:5173/emulatorjs/data/src/emulator.js:4336
[LOG] pcsx_rearmed_frameskip_interval 3 @ http://localhost:5173/emulatorjs/data/src/emulator.js:4336
[LOG] pcsx_rearmed_display_fps_v2 disabled @ http://localhost:5173/emulatorjs/data/src/emulator.js:4336
[LOG] pcsx_rearmed_fractional_framerate auto @ http://localhost:5173/emulatorjs/data/src/emulator.js:4336
[LOG] pcsx_rearmed_rgb32_output disabled @ http://localhost:5173/emulatorjs/data/src/emulator.js:4336
[LOG] pcsx_rearmed_gpu_slow_llists auto @ http://localhost:5173/emulatorjs/data/src/emulator.js:4336
[LOG] pcsx_rearmed_show_overscan disabled @ http://localhost:5173/emulatorjs/data/src/emulator.js:4336
[LOG] pcsx_rearmed_screen_centering auto @ http://localhost:5173/emulatorjs/data/src/emulator.js:4336
[LOG] pcsx_rearmed_screen_centering_x 0 @ http://localhost:5173/emulatorjs/data/src/emulator.js:4336
[LOG] pcsx_rearmed_screen_centering_y 0 @ http://localhost:5173/emulatorjs/data/src/emulator.js:4336
[LOG] pcsx_rearmed_screen_centering_h_adj 0 @ http://localhost:5173/emulatorjs/data/src/emulator.js:4336
[LOG] pcsx_rearmed_show_gpu_peops_settings disabled @ http://localhost:5173/emulatorjs/data/src/emulator.js:4336
[LOG] pcsx_rearmed_gpu_peops_odd_even_bit disabled @ http://localhost:5173/emulatorjs/data/src/emulator.js:4336
[LOG] pcsx_rearmed_gpu_peops_expand_screen_width disabled @ http://localhost:5173/emulatorjs/data/src/emulator.js:4336
[LOG] pcsx_rearmed_gpu_peops_ignore_brightness disabled @ http://localhost:5173/emulatorjs/data/src/emulator.js:4336
[LOG] pcsx_rearmed_gpu_peops_disable_coord_check disabled @ http://localhost:5173/emulatorjs/data/src/emulator.js:4336
[LOG] pcsx_rearmed_gpu_peops_lazy_screen_update disabled @ http://localhost:5173/emulatorjs/data/src/emulator.js:4336
[LOG] pcsx_rearmed_gpu_peops_repeated_triangles disabled @ http://localhost:5173/emulatorjs/data/src/emulator.js:4336
[LOG] pcsx_rearmed_gpu_peops_quads_with_triangles disabled @ http://localhost:5173/emulatorjs/data/src/emulator.js:4336
[LOG] pcsx_rearmed_gpu_peops_fake_busy_state disabled @ http://localhost:5173/emulatorjs/data/src/emulator.js:4336
[LOG] pcsx_rearmed_spu_reverb enabled @ http://localhost:5173/emulatorjs/data/src/emulator.js:4336
[LOG] pcsx_rearmed_spu_interpolation simple @ http://localhost:5173/emulatorjs/data/src/emulator.js:4336
[LOG] pcsx_rearmed_nocdaudio enabled @ http://localhost:5173/emulatorjs/data/src/emulator.js:4336
[LOG] pcsx_rearmed_noxadecoding enabled @ http://localhost:5173/emulatorjs/data/src/emulator.js:4336
[LOG] pcsx_rearmed_show_input_settings disabled @ http://localhost:5173/emulatorjs/data/src/emulator.js:4336
[LOG] pcsx_rearmed_analog_axis_modifier square @ http://localhost:5173/emulatorjs/data/src/emulator.js:4336
[LOG] pcsx_rearmed_vibration enabled @ http://localhost:5173/emulatorjs/data/src/emulator.js:4336
[LOG] pcsx_rearmed_analog_combo l1+r1+select @ http://localhost:5173/emulatorjs/data/src/emulator.js:4336
[LOG] pcsx_rearmed_multitap disabled @ http://localhost:5173/emulatorjs/data/src/emulator.js:4336
[LOG] pcsx_rearmed_negcon_deadzone 0 @ http://localhost:5173/emulatorjs/data/src/emulator.js:4336
[LOG] pcsx_rearmed_negcon_response linear @ http://localhost:5173/emulatorjs/data/src/emulator.js:4336
[LOG] pcsx_rearmed_input_sensitivity 1.00 @ http://localhost:5173/emulatorjs/data/src/emulator.js:4336
[LOG] pcsx_rearmed_crosshair1 disabled @ http://localhost:5173/emulatorjs/data/src/emulator.js:4336
[LOG] pcsx_rearmed_crosshair2 disabled @ http://localhost:5173/emulatorjs/data/src/emulator.js:4336
[LOG] pcsx_rearmed_konamigunadjustx 0 @ http://localhost:5173/emulatorjs/data/src/emulator.js:4336
[LOG] pcsx_rearmed_konamigunadjusty 0 @ http://localhost:5173/emulatorjs/data/src/emulator.js:4336
[LOG] pcsx_rearmed_gunconadjustx 0 @ http://localhost:5173/emulatorjs/data/src/emulator.js:4336
[LOG] pcsx_rearmed_gunconadjusty 0 @ http://localhost:5173/emulatorjs/data/src/emulator.js:4336
[LOG] pcsx_rearmed_gunconadjustratiox 1.00 @ http://localhost:5173/emulatorjs/data/src/emulator.js:4336
[LOG] pcsx_rearmed_gunconadjustratioy 1.00 @ http://localhost:5173/emulatorjs/data/src/emulator.js:4336
[LOG] pcsx_rearmed_icache_emulation enabled @ http://localhost:5173/emulatorjs/data/src/emulator.js:4336
[LOG] pcsx_rearmed_exception_emulation disabled @ http://localhost:5173/emulatorjs/data/src/emulator.js:4336
[LOG] pcsx_rearmed_cd_turbo disabled @ http://localhost:5173/emulatorjs/data/src/emulator.js:4336
[LOG] pcsx_rearmed_nostalls disabled @ http://localhost:5173/emulatorjs/data/src/emulator.js:4336
[LOG] Available core options {retroarch_core: Object, ejs_threads: Object, shader: Object, webgl2Enabled: Object, fps: Object} @ http://localhost:5173/emulatorjs/data/src/emulator.js:5103
[LOG] shader crt-mattias @ http://localhost:5173/emulatorjs/data/src/emulator.js:4336
[LOG] [ERROR] [GL]: none shader not supported, falling back to stock GLSL @ http://localhost:5173/emulatorjs/data/src/emulator.js:954
[LOG] [INFO] [Shader driver]: Using GLSL shader backend. @ http://localhost:5173/emulatorjs/data/src/emulator.js:954
[LOG] [WARN] [GL]: Stock GLSL shaders will be used. @ http://localhost:5173/emulatorjs/data/src/emulator.js:954
[LOG] [INFO] [GLSL]: Found GLSL vertex shader. @ http://localhost:5173/emulatorjs/data/src/emulator.js:954
[LOG] [INFO] Shader log: WARNING: 0:5: 'GL_OES_standard_derivatives' : extension is not supported @ http://localhost:5173/emulatorjs/data/src/emulator.js:954
[LOG]  @ http://localhost:5173/emulatorjs/data/src/emulator.js:954
[LOG] [INFO] [GLSL]: Found GLSL fragment shader. @ http://localhost:5173/emulatorjs/data/src/emulator.js:954
[LOG] [INFO] Shader log: WARNING: 0:5: 'GL_OES_standard_derivatives' : extension is not supported @ http://localhost:5173/emulatorjs/data/src/emulator.js:954
[LOG]  @ http://localhost:5173/emulatorjs/data/src/emulator.js:954
[LOG] [INFO] [GLSL]: Linking GLSL program. @ http://localhost:5173/emulatorjs/data/src/emulator.js:954
[LOG] [INFO] [GLSL]: Found GLSL vertex shader. @ http://localhost:5173/emulatorjs/data/src/emulator.js:954
[LOG] [INFO] Shader log: WARNING: 0:5: 'GL_OES_standard_derivatives' : extension is not supported @ http://localhost:5173/emulatorjs/data/src/emulator.js:954
[LOG]  @ http://localhost:5173/emulatorjs/data/src/emulator.js:954
[LOG] [INFO] [GLSL]: Found GLSL fragment shader. @ http://localhost:5173/emulatorjs/data/src/emulator.js:954
[LOG] [INFO] Shader log: WARNING: 0:5: 'GL_OES_standard_derivatives' : extension is not supported @ http://localhost:5173/emulatorjs/data/src/emulator.js:954
[LOG]  @ http://localhost:5173/emulatorjs/data/src/emulator.js:954
[LOG] [INFO] [GLSL]: Linking GLSL program. @ http://localhost:5173/emulatorjs/data/src/emulator.js:954
[LOG] [INFO] [GLSL]: Found GLSL vertex shader. @ http://localhost:5173/emulatorjs/data/src/emulator.js:954
[LOG] [INFO] Shader log: WARNING: 0:5: 'GL_OES_standard_derivatives' : extension is not supported @ http://localhost:5173/emulatorjs/data/src/emulator.js:954
[LOG]  @ http://localhost:5173/emulatorjs/data/src/emulator.js:954
[LOG] [INFO] [GLSL]: Found GLSL fragment shader. @ http://localhost:5173/emulatorjs/data/src/emulator.js:954
[LOG] [INFO] Shader log: WARNING: 0:5: 'GL_OES_standard_derivatives' : extension is not supported @ http://localhost:5173/emulatorjs/data/src/emulator.js:954
[LOG]  @ http://localhost:5173/emulatorjs/data/src/emulator.js:954
[LOG] [INFO] [GLSL]: Linking GLSL program. @ http://localhost:5173/emulatorjs/data/src/emulator.js:954
[LOG] [INFO] [Shaders]: Applying shader: "". @ http://localhost:5173/emulatorjs/data/src/emulator.js:954
[LOG] invalid core option shader. This is not an error. @ http://localhost:5173/emulatorjs/data/src/emulator.js:949
[LOG] [ERROR] [EMSCRIPTEN]: Could not get screen dimensions! @ http://localhost:5173/emulatorjs/data/src/emulator.js:954
[LOG] [INFO] Setting real canvas size: 1280 x 669 @ http://localhost:5173/emulatorjs/data/src/emulator.js:949