[GET] http://localhost:5173/api/user/preferences => [200] OK
[GET] http://localhost:5173/api/auth/setup-status => [200] OK
[GET] http://localhost:5173/api/auth/setup-status => [200] OK
[GET] http://localhost:5173/api/user/profile => [200] OK
[GET] http://localhost:5173/api/user/profile => [200] OK
[GET] http://localhost:5173/api/explore/featured => [200] OK
[GET] http://localhost:5173/api/explore/rows => [200] OK
[GET] http://localhost:5173/api/explore/console-highlights => [200] OK
[GET] http://localhost:5173/api/explore/moods => [200] OK
[GET] http://localhost:5173/api/explore/for-you => [200] OK
[GET] http://localhost:5173/api/explore/players-like-you => [200] OK
[GET] http://localhost:5173/api/user/shared-session-invites/count => [200] OK
[GET] http://localhost:5173/api/netplay/invites/count => [200] OK
[GET] http://localhost:5173/api/bios => [200] OK
[GET] http://localhost:5173/api/admin/igdb/status => [200] OK
[GET] http://localhost:5173/api/health => [200] OK
[GET] http://localhost:5173/api/explore/trending => [200] OK
[GET] http://localhost:5173/api/explore/community-top => [200] OK
[GET] http://localhost:5173/api/explore/cult-classics => [200] OK
[GET] http://localhost:5173/api/explore/active-now => [200] OK
[GET] http://localhost:5173/api/explore/recently-reviewed => [200] OK
[GET] http://localhost:5173/api/explore/on-this-day => [200] OK
[GET] http://localhost:5173/api/explore/your-anniversaries => [200] OK
[GET] http://localhost:5173/api/explore/best-of-year/1995 => [200] OK
[GET] http://localhost:5173/api/explore/decades/90s => [200] OK
[GET] http://localhost:5173/api/explore/easy-to-complete => [200] OK
[GET] http://localhost:5173/api/explore/hardest-games => [200] OK
[GET] http://localhost:5173/api/explore/almost-done => [200] OK
[GET] http://localhost:5173/api/explore/fresh-challenges => [200] OK
[GET] http://localhost:5173/api/explore/active-challenges => [200] OK